>// SYNTAX TEST "swarm" "type definition testcase"
#^^ source.swarm comment.line.double-slash
#  ^^^^^^^^^^^^^^^^^^^^^^^^^^^^^^^^^^^^^^^^^^^^^^^ source.swarm comment.line.double-slash
>
>tydef Maybe a = Unit + a end
#^^^^^ source.swarm keyword.control.dictionary.tydef keyword.control.dictionary.tydef.start
#     ^ source.swarm keyword.control.dictionary.tydef
#      ^^^^^^^^ source.swarm keyword.control.dictionary.tydef entity.name.type
#              ^ source.swarm keyword.control.dictionary.tydef keyword.control.dictionary.tydef.assignment
#               ^ source.swarm keyword.control.dictionary.tydef
#                ^^^^ source.swarm keyword.control.dictionary.tydef entity.name.type
#                    ^ source.swarm keyword.control.dictionary.tydef
#                     ^ source.swarm keyword.control.dictionary.tydef entity.name.type
#                      ^ source.swarm keyword.control.dictionary.tydef
#                       ^ source.swarm keyword.control.dictionary.tydef entity.name.type
#                        ^ source.swarm keyword.control.dictionary.tydef
#                         ^^^ source.swarm keyword.control.dictionary.tydef keyword.control.dictionary.tydef.end
>
>def just : a -> Maybe a = inr end
#^^^^ source.swarm keyword.control.dictionary.def
#    ^^^^ source.swarm keyword.control.dictionary.def entity.name.function
#        ^ source.swarm keyword.control.dictionary.def
#         ^ source.swarm keyword.control.dictionary.def keyword.control.dictionary.def.annotation
#          ^ source.swarm keyword.control.dictionary.def
#           ^ source.swarm keyword.control.dictionary.def entity.name.type
#            ^ source.swarm keyword.control.dictionary.def
#             ^^ source.swarm keyword.control.dictionary.def entity.name.type
#               ^ source.swarm keyword.control.dictionary.def
#                ^^^^^ source.swarm keyword.control.dictionary.def entity.name.type
#                     ^ source.swarm keyword.control.dictionary.def
#                      ^ source.swarm keyword.control.dictionary.def entity.name.type
#                       ^ source.swarm keyword.control.dictionary.def
#                        ^ source.swarm keyword.control.dictionary.def keyword.control.dictionary.def.assignment
#                         ^ source.swarm
#                          ^^^ source.swarm keyword.other
#                             ^ source.swarm
#                              ^^^ source.swarm keyword.control.dictionary.def.end
>
>def nothing : Maybe a = inl () end
#^^^^ source.swarm keyword.control.dictionary.def
#    ^^^^^^^ source.swarm keyword.control.dictionary.def entity.name.function
#           ^ source.swarm keyword.control.dictionary.def
#            ^ source.swarm keyword.control.dictionary.def keyword.control.dictionary.def.annotation
#             ^ source.swarm keyword.control.dictionary.def
#              ^^^^^ source.swarm keyword.control.dictionary.def entity.name.type
#                   ^ source.swarm keyword.control.dictionary.def
#                    ^ source.swarm keyword.control.dictionary.def entity.name.type
#                     ^ source.swarm keyword.control.dictionary.def
#                      ^ source.swarm keyword.control.dictionary.def keyword.control.dictionary.def.assignment
#                       ^ source.swarm
#                        ^^^ source.swarm keyword.other
#                           ^ source.swarm
#                            ^ source.swarm expression.group punctuation.paren.open
#                             ^ source.swarm expression.group punctuation.paren.close
#                              ^ source.swarm
#                               ^^^ source.swarm keyword.control.dictionary.def.end
>
>def positive : Int -> Maybe Int = \x.
#^^^^ source.swarm keyword.control.dictionary.def
#    ^^^^^^^^ source.swarm keyword.control.dictionary.def entity.name.function
#            ^ source.swarm keyword.control.dictionary.def
#             ^ source.swarm keyword.control.dictionary.def keyword.control.dictionary.def.annotation
#              ^ source.swarm keyword.control.dictionary.def
#               ^^^ source.swarm keyword.control.dictionary.def entity.name.type
#                  ^ source.swarm keyword.control.dictionary.def
#                   ^^ source.swarm keyword.control.dictionary.def entity.name.type
#                     ^ source.swarm keyword.control.dictionary.def
#                      ^^^^^ source.swarm keyword.control.dictionary.def entity.name.type
#                           ^ source.swarm keyword.control.dictionary.def
#                            ^^^ source.swarm keyword.control.dictionary.def entity.name.type
#                               ^ source.swarm keyword.control.dictionary.def
#                                ^ source.swarm keyword.control.dictionary.def keyword.control.dictionary.def.assignment
#                                 ^ source.swarm
#                                  ^ source.swarm keyword.operator.lambda
#                                   ^ source.swarm keyword.operator.lambda variable.other
#                                    ^ source.swarm keyword.operator.lambda
>  if (x > 0) {just x} {nothing}
#^^ source.swarm
#  ^^ source.swarm keyword.other
#    ^ source.swarm
#     ^ source.swarm expression.group punctuation.paren.open
#      ^ source.swarm expression.group variable.parameter
#       ^ source.swarm expression.group
#        ^ source.swarm expression.group keyword.operator
#         ^ source.swarm expression.group
#          ^ source.swarm expression.group constant.numeric
#           ^ source.swarm expression.group punctuation.paren.close
#            ^ source.swarm
#             ^ source.swarm expression.group punctuation.braces.open
#              ^^^^ source.swarm expression.group variable.parameter
#                  ^ source.swarm expression.group
#                   ^ source.swarm expression.group variable.parameter
#                    ^ source.swarm expression.group punctuation.braces.close
#                     ^ source.swarm
#                      ^ source.swarm expression.group punctuation.braces.open
#                       ^^^^^^^ source.swarm expression.group variable.parameter
#                              ^ source.swarm expression.group punctuation.braces.close
>end
#^^^ source.swarm keyword.control.dictionary.def.end
>